[    0.000000] Booting Linux on physical CPU 0x0000000000 [0x410fd083]
[    0.000000] Linux version 6.6.51+rpt-rpi-v8 (serge@raspberrypi.com) (gcc-12 (Debian 12.2.0-14) 12.2.0, GNU ld (GNU Binutils for Debian) 2.40) #1 SMP PREEMPT Debian 1:6.6.51-1+rpt3 (2024-10-08)
[    0.000000] KASLR enabled
[    0.000000] random: crng init done
[    0.000000] Machine model: Raspberry Pi 4 Model B Rev 1.5
[    0.000000] efi: UEFI not found.
[    0.000000] Reserved memory: created CMA memory pool at 0x000000000dc00000, size 512 MiB
[    0.000000] OF: reserved mem: initialized node linux,cma, compatible id shared-dma-pool
[    0.000000] OF: reserved mem: 0x000000000dc00000..0x000000002dbfffff (524288 KiB) map reusable linux,cma
[    0.000000] OF: reserved mem: 0x000000003ef64f20..0x000000003ef6531f (1 KiB) nomap non-reusable nvram@1
[    0.000000] OF: reserved mem: 0x000000003ef65360..0x000000003ef65395 (0 KiB) nomap non-reusable nvram@0
[    0.000000] Zone ranges:
[    0.000000]   DMA      [mem 0x0000000000000000-0x000000003fffffff]
[    0.000000]   DMA32    [mem 0x0000000040000000-0x00000000fbffffff]
[    0.000000]   Normal   empty
[    0.000000] Movable zone start for each node
[    0.000000] Early memory node ranges
[    0.000000]   node   0: [mem 0x0000000000000000-0x000000003b3fffff]
[    0.000000]   node   0: [mem 0x0000000040000000-0x00000000fbffffff]
[    0.000000] Initmem setup node 0 [mem 0x0000000000000000-0x00000000fbffffff]
[    0.000000] On node 0, zone DMA32: 19456 pages in unavailable ranges
[    0.000000] On node 0, zone DMA32: 16384 pages in unavailable ranges
[    0.000000] percpu: Embedded 30 pages/cpu s85672 r8192 d29016 u122880
[    0.000000] pcpu-alloc: s85672 r8192 d29016 u122880 alloc=30*4096
[    0.000000] pcpu-alloc: [0] 0 [0] 1 [0] 2 [0] 3 
[    0.000000] Detected PIPT I-cache on CPU0
[    0.000000] CPU features: detected: Spectre-v2
[    0.000000] CPU features: detected: Spectre-v3a
[    0.000000] CPU features: detected: Spectre-v4
[    0.000000] CPU features: detected: Spectre-BHB
[    0.000000] CPU features: kernel page table isolation forced ON by KASLR
[    0.000000] CPU features: detected: Kernel page table isolation (KPTI)
[    0.000000] CPU features: detected: ARM erratum 1742098
[    0.000000] CPU features: detected: ARM errata 1165522, 1319367, or 1530923
[    0.000000] alternatives: applying boot alternatives
[    0.000000] Kernel command line: coherent_pool=1M 8250.nr_uarts=0 snd_bcm2835.enable_headphones=0 snd_bcm2835.enable_headphones=1 snd_bcm2835.enable_hdmi=1 snd_bcm2835.enable_hdmi=0  smsc95xx.macaddr=2C:CF:67:5D:2B:83 vc_mem.mem_base=0x3ec00000 vc_mem.mem_size=0x40000000  console=ttyS0,115200 console=tty1 root=PARTUUID=bcf88cea-02 rootfstype=ext4 fsck.repair=yes rootwait quiet splash plymouth.ignore-serial-consoles cfg80211.ieee80211_regdom=US
[    0.000000] Unknown kernel command line parameters "splash", will be passed to user space.
[    0.000000] Dentry cache hash table entries: 524288 (order: 10, 4194304 bytes, linear)
[    0.000000] Inode-cache hash table entries: 262144 (order: 9, 2097152 bytes, linear)
[    0.000000] Built 1 zonelists, mobility grouping on.  Total pages: 996912
[    0.000000] mem auto-init: stack:all(zero), heap alloc:off, heap free:off
[    0.000000] software IO TLB: area num 4.
[    0.000000] software IO TLB: mapped [mem 0x0000000037400000-0x000000003b400000] (64MB)
[    0.000000] Memory: 3336412K/4050944K available (13440K kernel code, 2212K rwdata, 4268K rodata, 4864K init, 1083K bss, 190244K reserved, 524288K cma-reserved)
[    0.000000] SLUB: HWalign=64, Order=0-3, MinObjects=0, CPUs=4, Nodes=1
[    0.000000] ftrace: allocating 43242 entries in 169 pages
[    0.000000] ftrace: allocated 169 pages with 4 groups
[    0.000000] trace event string verifier disabled
[    0.000000] rcu: Preemptible hierarchical RCU implementation.
[    0.000000] rcu: 	RCU event tracing is enabled.
[    0.000000] rcu: 	RCU restricting CPUs from NR_CPUS=256 to nr_cpu_ids=4.
[    0.000000] 	Trampoline variant of Tasks RCU enabled.
[    0.000000] 	Rude variant of Tasks RCU enabled.
[    0.000000] 	Tracing variant of Tasks RCU enabled.
[    0.000000] rcu: RCU calculated value of scheduler-enlistment delay is 25 jiffies.
[    0.000000] rcu: Adjusting geometry for rcu_fanout_leaf=16, nr_cpu_ids=4
[    0.000000] NR_IRQS: 64, nr_irqs: 64, preallocated irqs: 0
[    0.000000] Root IRQ handler: gic_handle_irq
[    0.000000] GIC: Using split EOI/Deactivate mode
[    0.000000] rcu: srcu_init: Setting srcu_struct sizes based on contention.
[    0.000000] arch_timer: cp15 timer(s) running at 54.00MHz (phys).
[    0.000000] clocksource: arch_sys_counter: mask: 0xffffffffffffff max_cycles: 0xc743ce346, max_idle_ns: 440795203123 ns
[    0.000000] sched_clock: 56 bits at 54MHz, resolution 18ns, wraps every 4398046511102ns
[    0.000335] Console: colour dummy device 80x25
[    0.000350] printk: console [tty1] enabled
[    0.000445] Calibrating delay loop (skipped), value calculated using timer frequency.. 108.00 BogoMIPS (lpj=216000)
[    0.000463] pid_max: default: 32768 minimum: 301
[    0.000536] LSM: initializing lsm=capability,integrity
[    0.000755] Mount-cache hash table entries: 8192 (order: 4, 65536 bytes, linear)
[    0.000817] Mountpoint-cache hash table entries: 8192 (order: 4, 65536 bytes, linear)
[    0.001702] cgroup: Disabling memory control group subsystem
[    0.003276] RCU Tasks: Setting shift to 2 and lim to 1 rcu_task_cb_adjust=1.
[    0.003381] RCU Tasks Rude: Setting shift to 2 and lim to 1 rcu_task_cb_adjust=1.
[    0.003498] RCU Tasks Trace: Setting shift to 2 and lim to 1 rcu_task_cb_adjust=1.
[    0.003760] rcu: Hierarchical SRCU implementation.
[    0.003768] rcu: 	Max phase no-delay instances is 1000.
[    0.005726] EFI services will not be available.
[    0.006035] smp: Bringing up secondary CPUs ...
[    0.006644] Detected PIPT I-cache on CPU1
[    0.006771] CPU1: Booted secondary processor 0x0000000001 [0x410fd083]
[    0.007445] Detected PIPT I-cache on CPU2
[    0.007537] CPU2: Booted secondary processor 0x0000000002 [0x410fd083]
[    0.008231] Detected PIPT I-cache on CPU3
[    0.008323] CPU3: Booted secondary processor 0x0000000003 [0x410fd083]
[    0.008416] smp: Brought up 1 node, 4 CPUs
[    0.008434] SMP: Total of 4 processors activated.
[    0.008442] CPU features: detected: 32-bit EL0 Support
[    0.008448] CPU features: detected: 32-bit EL1 Support
[    0.008457] CPU features: detected: CRC32 instructions
[    0.008564] CPU: All CPU(s) started at EL2
[    0.008581] alternatives: applying system-wide alternatives
[    0.010911] devtmpfs: initialized
[    0.020974] Enabled cp15_barrier support
[    0.021006] Enabled setend support
[    0.021175] clocksource: jiffies: mask: 0xffffffff max_cycles: 0xffffffff, max_idle_ns: 7645041785100000 ns
[    0.021200] futex hash table entries: 1024 (order: 4, 65536 bytes, linear)
[    0.033591] pinctrl core: initialized pinctrl subsystem
[    0.034131] DMI not present or invalid.
[    0.034622] NET: Registered PF_NETLINK/PF_ROUTE protocol family
[    0.036508] DMA: preallocated 1024 KiB GFP_KERNEL pool for atomic allocations
[    0.036771] DMA: preallocated 1024 KiB GFP_KERNEL|GFP_DMA pool for atomic allocations
[    0.037207] DMA: preallocated 1024 KiB GFP_KERNEL|GFP_DMA32 pool for atomic allocations
[    0.037269] audit: initializing netlink subsys (disabled)
[    0.037441] audit: type=2000 audit(0.036:1): state=initialized audit_enabled=0 res=1
[    0.037950] thermal_sys: Registered thermal governor 'step_wise'
[    0.038000] cpuidle: using governor menu
[    0.038226] hw-breakpoint: found 6 breakpoint and 4 watchpoint registers.
[    0.038340] ASID allocator initialised with 32768 entries
[    0.039317] Serial: AMBA PL011 UART driver
[    0.047205] bcm2835-mbox fe00b880.mailbox: mailbox enabled
[    0.052399] platform fe801000.csi: Fixed dependency cycle(s) with /soc/i2c0mux/i2c@1/ov5647@36
[    0.060456] raspberrypi-firmware soc:firmware: Attached to firmware from 2024-08-30T19:17:39, variant start
[    0.064458] raspberrypi-firmware soc:firmware: Firmware hash is 2808975b80149bbfe86844655fe45c7de66fc078
[    0.075400] Modules: 2G module region forced by RANDOMIZE_MODULE_REGION_FULL
[    0.075414] Modules: 0 pages in range for non-PLT usage
[    0.075420] Modules: 517776 pages in range for PLT usage
[    0.081928] bcm2835-dma fe007000.dma-controller: DMA legacy API manager, dmachans=0x1
[    0.083697] iommu: Default domain type: Translated
[    0.083707] iommu: DMA domain TLB invalidation policy: strict mode
[    0.084061] SCSI subsystem initialized
[    0.084233] usbcore: registered new interface driver usbfs
[    0.084270] usbcore: registered new interface driver hub
[    0.084319] usbcore: registered new device driver usb
[    0.086032] pps_core: LinuxPPS API ver. 1 registered
[    0.086043] pps_core: Software ver. 5.3.6 - Copyright 2005-2007 Rodolfo Giometti <giometti@linux.it>
[    0.086061] PTP clock support registered
[    0.087133] vgaarb: loaded
[    0.087573] clocksource: Switched to clocksource arch_sys_counter
[    1.130826] VFS: Disk quotas dquot_6.6.0
[    1.130885] VFS: Dquot-cache hash table entries: 512 (order 0, 4096 bytes)
[    1.131000] FS-Cache: Loaded
[    1.131251] CacheFiles: Loaded
[    1.138831] NET: Registered PF_INET protocol family
[    1.139331] IP idents hash table entries: 65536 (order: 7, 524288 bytes, linear)
[    1.143948] tcp_listen_portaddr_hash hash table entries: 2048 (order: 3, 32768 bytes, linear)
[    1.144010] Table-perturb hash table entries: 65536 (order: 6, 262144 bytes, linear)
[    1.144031] TCP established hash table entries: 32768 (order: 6, 262144 bytes, linear)
[    1.144298] TCP bind hash table entries: 32768 (order: 8, 1048576 bytes, linear)
[    1.145322] TCP: Hash tables configured (established 32768 bind 32768)
[    1.145760] MPTCP token hash table entries: 4096 (order: 4, 98304 bytes, linear)
[    1.145973] UDP hash table entries: 2048 (order: 4, 65536 bytes, linear)
[    1.146037] UDP-Lite hash table entries: 2048 (order: 4, 65536 bytes, linear)
[    1.146266] NET: Registered PF_UNIX/PF_LOCAL protocol family
[    1.146919] RPC: Registered named UNIX socket transport module.
[    1.146930] RPC: Registered udp transport module.
[    1.146936] RPC: Registered tcp transport module.
[    1.146942] RPC: Registered tcp-with-tls transport module.
[    1.146948] RPC: Registered tcp NFSv4.1 backchannel transport module.
[    1.146979] PCI: CLS 0 bytes, default 64
[    1.147483] kvm [1]: IPA Size Limit: 44 bits
[    1.147701] Trying to unpack rootfs image as initramfs...
[    1.148752] kvm [1]: vgic interrupt IRQ9
[    1.148803] kvm [1]: Hyp mode initialized successfully
[    1.150356] Initialise system trusted keyrings
[    1.150687] workingset: timestamp_bits=46 max_order=20 bucket_order=0
[    1.150752] zbud: loaded
[    1.151468] NFS: Registering the id_resolver key type
[    1.151494] Key type id_resolver registered
[    1.151501] Key type id_legacy registered
[    1.151525] nfs4filelayout_init: NFSv4 File Layout Driver Registering...
[    1.151535] nfs4flexfilelayout_init: NFSv4 Flexfile Layout Driver Registering...
[    1.152195] Key type asymmetric registered
[    1.152212] Asymmetric key parser 'x509' registered
[    1.152278] Block layer SCSI generic (bsg) driver version 0.4 loaded (major 247)
[    1.152496] io scheduler mq-deadline registered
[    1.152511] io scheduler kyber registered
[    1.152551] io scheduler bfq registered
[    1.153532] irq_brcmstb_l2: registered L2 intc (/soc/interrupt-controller@7ef00100, parent irq: 23)
[    1.157236] pinctrl-bcm2835 fe200000.gpio: GPIO_OUT persistence: yes
[    1.159993] brcm-pcie fd500000.pcie: host bridge /scb/pcie@7d500000 ranges:
[    1.160032] brcm-pcie fd500000.pcie:   No bus range found for /scb/pcie@7d500000, using [bus 00-ff]
[    1.160075] brcm-pcie fd500000.pcie:      MEM 0x0600000000..0x067fffffff -> 0x0080000000
[    1.160112] brcm-pcie fd500000.pcie:   IB MEM 0x0000000000..0x00ffffffff -> 0x0400000000
[    1.161335] brcm-pcie fd500000.pcie: PCI host bridge to bus 0000:00
[    1.161362] pci_bus 0000:00: root bus resource [bus 00-ff]
[    1.161379] pci_bus 0000:00: root bus resource [mem 0x600000000-0x67fffffff] (bus address [0x80000000-0xffffffff])
[    1.161428] pci 0000:00:00.0: [14e4:2711] type 01 class 0x060400
[    1.161525] pci 0000:00:00.0: PME# supported from D0 D3hot
[    1.165355] pci 0000:00:00.0: bridge configuration invalid ([bus 00-00]), reconfiguring
[    1.165562] pci_bus 0000:01: supply vpcie3v3 not found, using dummy regulator
[    1.165727] pci_bus 0000:01: supply vpcie3v3aux not found, using dummy regulator
[    1.165788] pci_bus 0000:01: supply vpcie12v not found, using dummy regulator
[    1.273712] brcm-pcie fd500000.pcie: link up, 5.0 GT/s PCIe x1 (SSC)
[    1.273887] pci 0000:01:00.0: [1106:3483] type 00 class 0x0c0330
[    1.273984] pci 0000:01:00.0: reg 0x10: [mem 0x00000000-0x00000fff 64bit]
[    1.274309] pci 0000:01:00.0: PME# supported from D0 D3hot
[    1.283758] pci_bus 0000:01: busn_res: [bus 01-ff] end is updated to 01
[    1.283820] pci 0000:00:00.0: BAR 8: assigned [mem 0x600000000-0x6000fffff]
[    1.283840] pci 0000:01:00.0: BAR 0: assigned [mem 0x600000000-0x600000fff 64bit]
[    1.283899] pci 0000:00:00.0: PCI bridge to [bus 01]
[    1.283912] pci 0000:00:00.0:   bridge window [mem 0x600000000-0x6000fffff]
[    1.284251] pcieport 0000:00:00.0: enabling device (0000 -> 0002)
[    1.284451] pcieport 0000:00:00.0: PME: Signaling with IRQ 27
[    1.284849] pcieport 0000:00:00.0: AER: enabled with IRQ 27
[    1.285280] brcm-pcie fd500000.pcie: clkreq control enabled
[    1.286180] simple-framebuffer 3e29a000.framebuffer: framebuffer at 0x3e29a000, 0x960000 bytes
[    1.286200] simple-framebuffer 3e29a000.framebuffer: format=a8r8g8b8, mode=1920x1280x32, linelength=7680
[    1.286782] Console: switching to colour frame buffer device 240x80
[    1.296893] simple-framebuffer 3e29a000.framebuffer: fb0: simplefb registered!
[    1.306259] iproc-rng200 fe104000.rng: hwrng registered
[    1.306592] vc-mem: phys_addr:0x00000000 mem_base=0x3ec00000 mem_size:0x40000000(1024 MiB)
[    1.322635] brd: module loaded
[    1.329612] loop: module loaded
[    1.330299] Loading iSCSI transport class v2.0-870.
[    1.334912] bcmgenet fd580000.ethernet: GENET 5.0 EPHY: 0x0000
[    1.960572] Freeing initrd memory: 17424K
[    2.131654] unimac-mdio unimac-mdio.-19: Broadcom UniMAC MDIO bus
[    2.132727] usbcore: registered new device driver r8152-cfgselector
[    2.132766] usbcore: registered new interface driver r8152
[    2.132798] usbcore: registered new interface driver lan78xx
[    2.132830] usbcore: registered new interface driver smsc95xx
[    2.179714] xhci_hcd 0000:01:00.0: xHCI Host Controller
[    2.179745] xhci_hcd 0000:01:00.0: new USB bus registered, assigned bus number 1
[    2.181498] xhci_hcd 0000:01:00.0: hcc params 0x002841eb hci version 0x100 quirks 0x0300240000000890
[    2.182310] xhci_hcd 0000:01:00.0: xHCI Host Controller
[    2.182329] xhci_hcd 0000:01:00.0: new USB bus registered, assigned bus number 2
[    2.182347] xhci_hcd 0000:01:00.0: Host supports USB 3.0 SuperSpeed
[    2.182565] usb usb1: New USB device found, idVendor=1d6b, idProduct=0002, bcdDevice= 6.06
[    2.182581] usb usb1: New USB device strings: Mfr=3, Product=2, SerialNumber=1
[    2.182592] usb usb1: Product: xHCI Host Controller
[    2.182601] usb usb1: Manufacturer: Linux 6.6.51+rpt-rpi-v8 xhci-hcd
[    2.182610] usb usb1: SerialNumber: 0000:01:00.0
[    2.183147] hub 1-0:1.0: USB hub found
[    2.183190] hub 1-0:1.0: 1 port detected
[    2.183814] usb usb2: New USB device found, idVendor=1d6b, idProduct=0003, bcdDevice= 6.06
[    2.183830] usb usb2: New USB device strings: Mfr=3, Product=2, SerialNumber=1
[    2.183841] usb usb2: Product: xHCI Host Controller
[    2.183850] usb usb2: Manufacturer: Linux 6.6.51+rpt-rpi-v8 xhci-hcd
[    2.183858] usb usb2: SerialNumber: 0000:01:00.0
[    2.184318] hub 2-0:1.0: USB hub found
[    2.184357] hub 2-0:1.0: 4 ports detected
[    2.185257] dwc_otg: version 3.00a 10-AUG-2012 (platform bus)
[    2.185380] dwc_otg: FIQ enabled
[    2.185387] dwc_otg: NAK holdoff enabled
[    2.185393] dwc_otg: FIQ split-transaction FSM enabled
[    2.185403] Module dwc_common_port init
[    2.186106] usbcore: registered new interface driver uas
[    2.186169] usbcore: registered new interface driver usb-storage
[    2.186682] mousedev: PS/2 mouse device common for all mice
[    2.190277] sdhci: Secure Digital Host Controller Interface driver
[    2.190291] sdhci: Copyright(c) Pierre Ossman
[    2.190536] sdhci-pltfm: SDHCI platform and OF driver helper
[    2.193260] ledtrig-cpu: registered to indicate activity on CPUs
[    2.193592] hid: raw HID events driver (C) Jiri Kosina
[    2.193694] usbcore: registered new interface driver usbhid
[    2.193703] usbhid: USB HID core driver
[    2.198992] hw perfevents: enabled with armv8_cortex_a72 PMU driver, 7 counters available
[    2.200428] NET: Registered PF_PACKET protocol family
[    2.200517] Key type dns_resolver registered
[    2.226799] registered taskstats version 1
[    2.227034] Loading compiled-in X.509 certificates
[    2.237836] Key type .fscrypt registered
[    2.237857] Key type fscrypt-provisioning registered
[    2.245835] uart-pl011 fe201000.serial: there is not valid maps for state default
[    2.246234] uart-pl011 fe201000.serial: cts_event_workaround enabled
[    2.246585] fe201000.serial: ttyAMA1 at MMIO 0xfe201000 (irq = 36, base_baud = 0) is a PL011 rev2
[    2.246825] serial serial0: tty port ttyAMA1 registered
[    2.249865] bcm2835-wdt bcm2835-wdt: Broadcom BCM2835 watchdog timer
[    2.250114] bcm2835-power bcm2835-power: Broadcom BCM2835 power domains driver
[    2.251052] mmc-bcm2835 fe300000.mmcnr: mmc_debug:0 mmc_debug2:0
[    2.251067] mmc-bcm2835 fe300000.mmcnr: DMA channel allocated
[    2.278536] of_cfs_init
[    2.278829] of_cfs_init: OK
[    2.279204] clk: Disabling unused clocks
[    2.315835] mmc0: SDHCI controller on fe340000.mmc [fe340000.mmc] using ADMA
[    2.325000] Freeing unused kernel memory: 4864K
[    2.325204] Run /init as init process
[    2.325245]   with arguments:
[    2.325251]     /init
[    2.325256]     splash
[    2.325262]   with environment:
[    2.325268]     HOME=/
[    2.325273]     TERM=linux
[    2.365771] mmc1: new high speed SDIO card at address 0001
[    2.415439] mmc0: new ultra high speed DDR50 SDXC card at address aaaa
[    2.416470] mmcblk0: mmc0:aaaa SD256 238 GiB
[    2.419913]  mmcblk0: p1 p2
[    2.420483] mmcblk0: mmc0:aaaa SD256 238 GiB (quirks 0x00004000)
[    2.439644] usb 1-1: new high-speed USB device number 2 using xhci_hcd
[    2.590342] usb 1-1: New USB device found, idVendor=2109, idProduct=3431, bcdDevice= 4.21
[    2.590383] usb 1-1: New USB device strings: Mfr=0, Product=1, SerialNumber=0
[    2.590397] usb 1-1: Product: USB2.0 Hub
[    2.593680] hub 1-1:1.0: USB hub found
[    2.594211] hub 1-1:1.0: 4 ports detected
[    2.891637] usb 1-1.3: new full-speed USB device number 3 using xhci_hcd
[    2.908823] brcmstb-i2c fef04500.i2c:  @97500hz registered in polling mode
[    2.909275] brcmstb-i2c fef09500.i2c:  @97500hz registered in polling mode
[    2.950164] i2c i2c-22: Added multiplexed i2c bus 0
[    2.950461] platform fe801000.csi: Fixed dependency cycle(s) with /soc/i2c0mux/i2c@1/ov5647@36
[    2.952666] i2c 10-0036: Fixed dependency cycle(s) with /soc/csi@7e801000
[    2.987434] i2c i2c-22: Added multiplexed i2c bus 10
[    3.001935] usb 1-1.3: New USB device found, idVendor=258a, idProduct=1007, bcdDevice= 1.00
[    3.001967] usb 1-1.3: New USB device strings: Mfr=1, Product=2, SerialNumber=0
[    3.001979] usb 1-1.3: Product: Game Mouse
[    3.001989] usb 1-1.3: Manufacturer: SINOWEALTH
[    3.056040] input: SINOWEALTH Game Mouse as /devices/platform/scb/fd500000.pcie/pci0000:00/0000:00:00.0/0000:01:00.0/usb1/1-1/1-1.3/1-1.3:1.0/0003:258A:1007.0001/input/input0
[    3.058105] hid-generic 0003:258A:1007.0001: input,hidraw0: USB HID v1.11 Mouse [SINOWEALTH Game Mouse] on usb-0000:01:00.0-1.3/input0
[    3.065853] [drm] Initialized v3d 1.0.0 20180419 for fec00000.v3d on minor 0
[    3.074462] input: SINOWEALTH Game Mouse Keyboard as /devices/platform/scb/fd500000.pcie/pci0000:00/0000:00:00.0/0000:01:00.0/usb1/1-1/1-1.3/1-1.3:1.1/0003:258A:1007.0002/input/input1
[    3.089031] Console: switching to colour dummy device 80x25
[    3.132346] hid-generic 0003:258A:1007.0002: input,hiddev96,hidraw1: USB HID v1.11 Keyboard [SINOWEALTH Game Mouse] on usb-0000:01:00.0-1.3/input1
[    3.176113] vc4-drm gpu: bound fe400000.hvs (ops vc4_hvs_ops [vc4])
[    3.177754] Registered IR keymap rc-cec
[    3.177923] rc rc0: vc4-hdmi-0 as /devices/platform/soc/fef00700.hdmi/rc/rc0
[    3.178145] input: vc4-hdmi-0 as /devices/platform/soc/fef00700.hdmi/rc/rc0/input2
[    3.181946] input: vc4-hdmi-0 HDMI Jack as /devices/platform/soc/fef00700.hdmi/sound/card0/input3
[    3.182611] vc4-drm gpu: bound fef00700.hdmi (ops vc4_hdmi_ops [vc4])
[    3.187610] Registered IR keymap rc-cec
[    3.187781] rc rc1: vc4-hdmi-1 as /devices/platform/soc/fef05700.hdmi/rc/rc1
[    3.188013] input: vc4-hdmi-1 as /devices/platform/soc/fef05700.hdmi/rc/rc1/input4
[    3.192340] input: vc4-hdmi-1 HDMI Jack as /devices/platform/soc/fef05700.hdmi/sound/card1/input5
[    3.192796] vc4-drm gpu: bound fef05700.hdmi (ops vc4_hdmi_ops [vc4])
[    3.193292] vc4-drm gpu: bound fe004000.txp (ops vc4_txp_ops [vc4])
[    3.193638] vc4-drm gpu: bound fe206000.pixelvalve (ops vc4_crtc_ops [vc4])
[    3.193950] vc4-drm gpu: bound fe207000.pixelvalve (ops vc4_crtc_ops [vc4])
[    3.194251] vc4-drm gpu: bound fe20a000.pixelvalve (ops vc4_crtc_ops [vc4])
[    3.194470] vc4-drm gpu: bound fe216000.pixelvalve (ops vc4_crtc_ops [vc4])
[    3.194771] vc4-drm gpu: bound fec12000.pixelvalve (ops vc4_crtc_ops [vc4])
[    3.197546] [drm] Initialized vc4 0.0.0 20140616 for gpu on minor 1
[    3.249043] vc4-drm gpu: [drm] The core clock cannot reach frequencies high enough to support 4k @ 60Hz.
[    3.249061] vc4-drm gpu: [drm] Please change your config.txt file to add hdmi_enable_4kp60.
[    3.314518] Console: switching to colour frame buffer device 480x135
[    3.368807] vc4-drm gpu: [drm] fb0: vc4drmfb frame buffer device
[    4.758654] EXT4-fs (mmcblk0p2): mounted filesystem a36be96c-66be-4487-a7a6-0481bca99d89 ro with ordered data mode. Quota mode: none.
[    5.321616] systemd[1]: System time before build time, advancing clock.
[    5.490240] NET: Registered PF_INET6 protocol family
[    5.491776] Segment Routing with IPv6
[    5.491813] In-situ OAM (IOAM) with IPv6
[    5.560127] systemd[1]: systemd 252.31-1~deb12u1 running in system mode (+PAM +AUDIT +SELINUX +APPARMOR +IMA +SMACK +SECCOMP +GCRYPT -GNUTLS +OPENSSL +ACL +BLKID +CURL +ELFUTILS +FIDO2 +IDN2 -IDN +IPTC +KMOD +LIBCRYPTSETUP +LIBFDISK +PCRE2 -PWQUALITY +P11KIT +QRENCODE +TPM2 +BZIP2 +LZ4 +XZ +ZLIB +ZSTD -BPF_FRAMEWORK -XKBCOMMON +UTMP +SYSVINIT default-hierarchy=unified)
[    5.560168] systemd[1]: Detected architecture arm64.
[    5.564612] systemd[1]: Hostname set to <ian>.
[    6.284029] systemd[1]: Queued start job for default target graphical.target.
[    6.311080] systemd[1]: Created slice system-getty.slice - Slice /system/getty.
[    6.312865] systemd[1]: Created slice system-modprobe.slice - Slice /system/modprobe.
[    6.314191] systemd[1]: Created slice system-systemd\x2dfsck.slice - Slice /system/systemd-fsck.
[    6.315044] systemd[1]: Created slice user.slice - User and Session Slice.
[    6.317037] systemd[1]: Started systemd-ask-password-wall.path - Forward Password Requests to Wall Directory Watch.
[    6.318058] systemd[1]: Set up automount proc-sys-fs-binfmt_misc.automount - Arbitrary Executable File Formats File System Automount Point.
[    6.318243] systemd[1]: Expecting device dev-disk-by\x2dpartuuid-bcf88cea\x2d01.device - /dev/disk/by-partuuid/bcf88cea-01...
[    6.318321] systemd[1]: Expecting device dev-dri-card0.device - /dev/dri/card0...
[    6.318377] systemd[1]: Expecting device dev-dri-renderD128.device - /dev/dri/renderD128...
[    6.318575] systemd[1]: Reached target integritysetup.target - Local Integrity Protected Volumes.
[    6.318793] systemd[1]: Reached target nss-user-lookup.target - User and Group Name Lookups.
[    6.318944] systemd[1]: Reached target slices.target - Slice Units.
[    6.319080] systemd[1]: Reached target swap.target - Swaps.
[    6.319227] systemd[1]: Reached target veritysetup.target - Local Verity Protected Volumes.
[    6.320057] systemd[1]: Listening on systemd-fsckd.socket - fsck to fsckd communication Socket.
[    6.320450] systemd[1]: Listening on systemd-initctl.socket - initctl Compatibility Named Pipe.
[    6.321758] systemd[1]: Listening on systemd-journald-audit.socket - Journal Audit Socket.
[    6.322433] systemd[1]: Listening on systemd-journald-dev-log.socket - Journal Socket (/dev/log).
[    6.323125] systemd[1]: Listening on systemd-journald.socket - Journal Socket.
[    6.327113] systemd[1]: Listening on systemd-udevd-control.socket - udev Control Socket.
[    6.327838] systemd[1]: Listening on systemd-udevd-kernel.socket - udev Kernel Socket.
[    6.328635] systemd[1]: dev-hugepages.mount - Huge Pages File System was skipped because of an unmet condition check (ConditionPathExists=/sys/kernel/mm/hugepages).
[    6.368057] systemd[1]: Mounting dev-mqueue.mount - POSIX Message Queue File System...
[    6.372966] systemd[1]: Mounting sys-kernel-debug.mount - Kernel Debug File System...
[    6.378210] systemd[1]: Mounting sys-kernel-tracing.mount - Kernel Trace File System...
[    6.378958] systemd[1]: auth-rpcgss-module.service - Kernel Module supporting RPCSEC_GSS was skipped because of an unmet condition check (ConditionPathExists=/etc/krb5.keytab).
[    6.386459] systemd[1]: Starting fake-hwclock.service - Restore / save the current clock...
[    6.392093] systemd[1]: Starting keyboard-setup.service - Set the console keyboard layout...
[    6.397749] systemd[1]: Starting kmod-static-nodes.service - Create List of Static Device Nodes...
[    6.403662] systemd[1]: Starting modprobe@configfs.service - Load Kernel Module configfs...
[    6.411394] systemd[1]: Starting modprobe@dm_mod.service - Load Kernel Module dm_mod...
[    6.419200] systemd[1]: Starting modprobe@drm.service - Load Kernel Module drm...
[    6.427725] systemd[1]: Starting modprobe@efi_pstore.service - Load Kernel Module efi_pstore...
[    6.435123] systemd[1]: Starting modprobe@fuse.service - Load Kernel Module fuse...
[    6.447552] systemd[1]: Starting modprobe@loop.service - Load Kernel Module loop...
[    6.448570] systemd[1]: systemd-fsck-root.service - File System Check on Root Device was skipped because of an unmet condition check (ConditionPathExists=!/run/initramfs/fsck-root).
[    6.466895] systemd[1]: Starting systemd-journald.service - Journal Service...
[    6.483178] device-mapper: ioctl: 4.48.0-ioctl (2023-03-01) initialised: dm-devel@redhat.com
[    6.511177] systemd[1]: Starting systemd-modules-load.service - Load Kernel Modules...
[    6.521074] systemd[1]: Starting systemd-remount-fs.service - Remount Root and Kernel File Systems...
[    6.531924] systemd[1]: Starting systemd-udev-trigger.service - Coldplug All udev Devices...
[    6.551928] systemd[1]: Mounted dev-mqueue.mount - POSIX Message Queue File System.
[    6.553933] systemd[1]: Mounted sys-kernel-debug.mount - Kernel Debug File System.
[    6.555671] systemd[1]: Mounted sys-kernel-tracing.mount - Kernel Trace File System.
[    6.555997] fuse: init (API version 7.39)
[    6.561986] systemd[1]: Finished fake-hwclock.service - Restore / save the current clock.
[    6.565799] systemd[1]: Finished kmod-static-nodes.service - Create List of Static Device Nodes.
[    6.573043] systemd[1]: modprobe@configfs.service: Deactivated successfully.
[    6.574110] systemd[1]: Finished modprobe@configfs.service - Load Kernel Module configfs.
[    6.576786] systemd[1]: modprobe@dm_mod.service: Deactivated successfully.
[    6.578139] systemd[1]: Finished modprobe@dm_mod.service - Load Kernel Module dm_mod.
[    6.580348] systemd[1]: modprobe@drm.service: Deactivated successfully.
[    6.581218] systemd[1]: Finished modprobe@drm.service - Load Kernel Module drm.
[    6.583116] systemd[1]: modprobe@efi_pstore.service: Deactivated successfully.
[    6.584059] systemd[1]: Finished modprobe@efi_pstore.service - Load Kernel Module efi_pstore.
[    6.586575] systemd[1]: modprobe@fuse.service: Deactivated successfully.
[    6.590570] systemd[1]: Finished modprobe@fuse.service - Load Kernel Module fuse.
[    6.592863] systemd[1]: modprobe@loop.service: Deactivated successfully.
[    6.593958] systemd[1]: Finished modprobe@loop.service - Load Kernel Module loop.
[    6.624967] i2c_dev: i2c /dev entries driver
[    6.632580] systemd[1]: Mounting sys-fs-fuse-connections.mount - FUSE Control File System...
[    6.637816] systemd[1]: Mounting sys-kernel-config.mount - Kernel Configuration File System...
[    6.638434] systemd[1]: systemd-repart.service - Repartition Root Disk was skipped because no trigger condition checks were met.
[    6.644329] EXT4-fs (mmcblk0p2): re-mounted a36be96c-66be-4487-a7a6-0481bca99d89 r/w. Quota mode: none.
[    6.654712] systemd[1]: Finished systemd-modules-load.service - Load Kernel Modules.
[    6.657235] systemd[1]: Finished systemd-remount-fs.service - Remount Root and Kernel File Systems.
[    6.658787] systemd[1]: Mounted sys-fs-fuse-connections.mount - FUSE Control File System.
[    6.662592] systemd[1]: Mounted sys-kernel-config.mount - Kernel Configuration File System.
[    6.664019] systemd[1]: systemd-firstboot.service - First Boot Wizard was skipped because of an unmet condition check (ConditionFirstBoot=yes).
[    6.664318] systemd[1]: systemd-pstore.service - Platform Persistent Storage Archival was skipped because of an unmet condition check (ConditionDirectoryNotEmpty=/sys/fs/pstore).
[    6.669306] systemd[1]: Starting systemd-random-seed.service - Load/Save Random Seed...
[    6.674865] systemd[1]: Starting systemd-sysctl.service - Apply Kernel Variables...
[    6.680769] systemd[1]: Starting systemd-sysusers.service - Create System Users...
[    6.766416] systemd[1]: Finished systemd-random-seed.service - Load/Save Random Seed.
[    6.780035] systemd[1]: first-boot-complete.target - First Boot Complete was skipped because of an unmet condition check (ConditionFirstBoot=yes).
[    6.793571] systemd[1]: Started systemd-journald.service - Journal Service.
[    6.885201] systemd-journald[275]: Received client request to flush runtime journal.
[    6.893885] systemd-journald[275]: File /var/log/journal/0df4f485fa494378b816dca2d8fc9557/system.journal corrupted or uncleanly shut down, renaming and replacing.
[    8.331499] rpi-gpiomem fe200000.gpiomem: window base 0xfe200000 size 0x00001000
[    8.339943] rpi-gpiomem fe200000.gpiomem: initialised 1 regions as /dev/gpiomem
[    8.405056] mc: Linux media interface: v0.10
[    8.462653] vc_sm_cma: module is from the staging directory, the quality is unknown, you have been warned.
[    8.510487] snd_bcm2835: module is from the staging directory, the quality is unknown, you have been warned.
[    8.578136] bcm2835_vc_sm_cma_probe: Videocore shared memory driver
[    8.578177] [vc_sm_connected_init]: start
[    8.580808] bcm2835_audio bcm2835_audio: card created with 8 channels
[    8.675361] videodev: Linux video capture interface: v2.00
[    8.676063] [vc_sm_connected_init]: installed successfully
[    8.932102] bcm2835_mmal_vchiq: module is from the staging directory, the quality is unknown, you have been warned.
[    9.085634] cfg80211: Loading compiled-in X.509 certificates for regulatory database
[    9.131824] rpivid_hevc: module is from the staging directory, the quality is unknown, you have been warned.
[    9.139104] alsactl[375]: memfd_create() called without MFD_EXEC or MFD_NOEXEC_SEAL set
[    9.154374] bcm2835_isp: module is from the staging directory, the quality is unknown, you have been warned.
[    9.158155] bcm2835_v4l2: module is from the staging directory, the quality is unknown, you have been warned.
[    9.169141] Loaded X.509 cert 'benh@debian.org: 577e021cb980e0e820821ba7b54b4961b8b4fadf'
[    9.170168] Loaded X.509 cert 'romain.perier@gmail.com: 3abbc6ec146e09d1b6016ab9d6cf71dd233f0328'
[    9.171163] Loaded X.509 cert 'sforshee: 00b28ddf47aef9cea7'
[    9.192804] bcm2835-isp bcm2835-isp: Device node output[0] registered as /dev/video13
[    9.193524] bcm2835-isp bcm2835-isp: Device node capture[0] registered as /dev/video14
[    9.194322] bcm2835-isp bcm2835-isp: Device node capture[1] registered as /dev/video15
[    9.196774] bcm2835-isp bcm2835-isp: Device node stats[2] registered as /dev/video16
[    9.196822] bcm2835-isp bcm2835-isp: Register output node 0 with media controller
[    9.196844] bcm2835-isp bcm2835-isp: Register capture node 1 with media controller
[    9.196858] bcm2835-isp bcm2835-isp: Register capture node 2 with media controller
[    9.196869] bcm2835-isp bcm2835-isp: Register capture node 3 with media controller
[    9.203350] bcm2835-isp bcm2835-isp: Device node output[0] registered as /dev/video20
[    9.206421] bcm2835-isp bcm2835-isp: Device node capture[0] registered as /dev/video21
[    9.207679] bcm2835-isp bcm2835-isp: Device node capture[1] registered as /dev/video22
[    9.228304] Loaded X.509 cert 'wens: 61c038651aabdcf94bd0ac7ff06c7248db18c600'
[    9.281311] Bluetooth: Core ver 2.22
[    9.281466] NET: Registered PF_BLUETOOTH protocol family
[    9.281475] Bluetooth: HCI device and connection manager initialized
[    9.281503] Bluetooth: HCI socket layer initialized
[    9.281519] Bluetooth: L2CAP socket layer initialized
[    9.281544] Bluetooth: SCO socket layer initialized
[    9.291747] bcm2835-isp bcm2835-isp: Device node stats[2] registered as /dev/video23
[    9.291792] bcm2835-isp bcm2835-isp: Register output node 0 with media controller
[    9.291811] bcm2835-isp bcm2835-isp: Register capture node 1 with media controller
[    9.291824] bcm2835-isp bcm2835-isp: Register capture node 2 with media controller
[    9.291837] bcm2835-isp bcm2835-isp: Register capture node 3 with media controller
[    9.294860] bcm2835-isp bcm2835-isp: Loaded V4L2 bcm2835-isp
[    9.296876] bcm2835_codec: module is from the staging directory, the quality is unknown, you have been warned.
[    9.300421] rpivid feb10000.codec: Device registered as /dev/video19
[    9.315683] Bluetooth: HCI UART driver ver 2.3
[    9.315721] Bluetooth: HCI UART protocol H4 registered
[    9.315933] Bluetooth: HCI UART protocol Three-wire (H5) registered
[    9.332044] Bluetooth: HCI UART protocol Broadcom registered
[    9.355681] hci_uart_bcm serial0-0: supply vbat not found, using dummy regulator
[    9.356008] hci_uart_bcm serial0-0: supply vddio not found, using dummy regulator
[    9.418320] bcm2835-codec bcm2835-codec: Device registered as /dev/video10
[    9.418386] bcm2835-codec bcm2835-codec: Loaded V4L2 decode
[    9.439155] bcm2835-codec bcm2835-codec: Device registered as /dev/video11
[    9.439218] bcm2835-codec bcm2835-codec: Loaded V4L2 encode
[    9.475712] bcm2835-codec bcm2835-codec: Device registered as /dev/video12
[    9.475786] bcm2835-codec bcm2835-codec: Loaded V4L2 isp
[    9.475945] uart-pl011 fe201000.serial: no DMA platform data
[    9.500310] bcm2835-codec bcm2835-codec: Device registered as /dev/video18
[    9.500371] bcm2835-codec bcm2835-codec: Loaded V4L2 image_fx
[    9.511513] bcm2835-codec bcm2835-codec: Device registered as /dev/video31
[    9.511736] bcm2835-codec bcm2835-codec: Loaded V4L2 encode_image
[    9.720179] Bluetooth: hci0: BCM: chip id 107
[    9.720515] Bluetooth: hci0: BCM: features 0x2f
[    9.721684] Bluetooth: hci0: BCM4345C0
[    9.721703] Bluetooth: hci0: BCM4345C0 (003.001.025) build 0000
[    9.733855] Bluetooth: hci0: BCM4345C0 'brcm/BCM4345C0.raspberrypi,4-model-b.hcd' Patch
[   10.085276] brcmfmac: F1 signature read @0x18000000=0x15264345
[   10.097006] brcmfmac: brcmf_fw_alloc_request: using brcm/brcmfmac43455-sdio for chip BCM4345/6
[   10.098031] usbcore: registered new interface driver brcmfmac
[   10.558033] brcmfmac: brcmf_c_process_txcap_blob: no txcap_blob available (err=-2)
[   10.558837] brcmfmac: brcmf_c_preinit_dcmds: Firmware: BCM4345/6 wl0: Aug 29 2023 01:47:08 version 7.45.265 (28bca26 CY) FWID 01-b677b91b
[   10.578002] Bluetooth: hci0: BCM: features 0x2f
[   10.579430] Bluetooth: hci0: BCM43455 37.4MHz Raspberry Pi 3+-0190
[   10.579457] Bluetooth: hci0: BCM4345C0 (003.001.025) build 0382
[   11.257722] Adding 524284k swap on /var/swap.  Priority:-2 extents:6 across:2211840k SS
[   14.158266] Bluetooth: BNEP (Ethernet Emulation) ver 1.3
[   14.158284] Bluetooth: BNEP filters: protocol multicast
[   14.158297] Bluetooth: BNEP socket layer initialized
[   14.163034] Bluetooth: MGMT ver 1.22
[   14.176371] NET: Registered PF_ALG protocol family
[   14.290805] bcmgenet fd580000.ethernet: configuring instance for external RGMII (RX delay)
[   14.292014] bcmgenet fd580000.ethernet eth0: Link is Down
[   14.354645] brcmfmac: brcmf_cfg80211_set_power_mgmt: power save enabled
[   17.625670] Bluetooth: RFCOMM TTY layer initialized
[   17.625707] Bluetooth: RFCOMM socket layer initialized
[   17.625725] Bluetooth: RFCOMM ver 1.11
[   40.168236] systemd-journald[275]: Oldest entry in /var/log/journal/0df4f485fa494378b816dca2d8fc9557/system.journal is older than the configured file retention duration (1month), suggesting rotation.
[   40.168282] systemd-journald[275]: /var/log/journal/0df4f485fa494378b816dca2d8fc9557/system.journal: Journal header limits reached or header out-of-date, rotating.
[   95.973398] warning: `ThreadPoolForeg' uses wireless extensions which will stop working for Wi-Fi 7 hardware; use nl80211
[   99.782566] vc4-drm gpu: swiotlb buffer is full (sz: 1376256 bytes), total 32768 (slots), used 124 (slots)
[  100.029130] vc4-drm gpu: swiotlb buffer is full (sz: 1048576 bytes), total 32768 (slots), used 108 (slots)
[  100.044560] vc4-drm gpu: swiotlb buffer is full (sz: 2867200 bytes), total 32768 (slots), used 192 (slots)
[  100.065338] vc4-drm gpu: swiotlb buffer is full (sz: 23502848 bytes), total 32768 (slots), used 44 (slots)
[  100.079720] vc4-drm gpu: swiotlb buffer is full (sz: 1376256 bytes), total 32768 (slots), used 124 (slots)
[  100.082617] vc4-drm gpu: swiotlb buffer is full (sz: 8130560 bytes), total 32768 (slots), used 116 (slots)
[  100.091111] vc4-drm gpu: swiotlb buffer is full (sz: 286720 bytes), total 32768 (slots), used 0 (slots)
[  100.101973] vc4-drm gpu: swiotlb buffer is full (sz: 1048576 bytes), total 32768 (slots), used 108 (slots)
[  100.190284] vc4-drm gpu: swiotlb buffer is full (sz: 23502848 bytes), total 32768 (slots), used 44 (slots)
[  100.255880] vc4-drm gpu: swiotlb buffer is full (sz: 286720 bytes), total 32768 (slots), used 0 (slots)
[  132.268102] Bluetooth: Unexpected continuation frame (len 0)
[  132.311841] Bluetooth: Unexpected continuation frame (len 0)
[  137.128779] Bluetooth: HIDP (Human Interface Emulation) ver 1.2
[  137.128804] Bluetooth: HIDP socket layer initialized
[  137.691894] Bluetooth: Unexpected continuation frame (len 0)
[  137.723128] Bluetooth: Unexpected continuation frame (len 0)
[  137.749801] hid-generic 0005:04E8:7021.0003: unknown main item tag 0x0
[  137.750329] input: Bluetooth 5.1 Keyboard as /devices/platform/soc/fe201000.serial/serial0/serial0-0/bluetooth/hci0/hci0:12/0005:04E8:7021.0003/input/input6
[  137.849395] hid-generic 0005:04E8:7021.0003: input,hidraw2: BLUETOOTH HID v1.1b Keyboard [Bluetooth 5.1 Keyboard] on 2c:cf:67:5d:2b:85
[  162.725131] swiotlb_tbl_map_single: 12 callbacks suppressed
[  162.725164] vc4-drm gpu: swiotlb buffer is full (sz: 516096 bytes), total 32768 (slots), used 386 (slots)
[  162.755291] vc4-drm gpu: swiotlb buffer is full (sz: 524288 bytes), total 32768 (slots), used 72 (slots)
[  162.764901] vc4-drm gpu: swiotlb buffer is full (sz: 516096 bytes), total 32768 (slots), used 386 (slots)
[  162.799484] vc4-drm gpu: swiotlb buffer is full (sz: 950272 bytes), total 32768 (slots), used 0 (slots)
[  162.844336] vc4-drm gpu: swiotlb buffer is full (sz: 524288 bytes), total 32768 (slots), used 72 (slots)
[  162.906828] vc4-drm gpu: swiotlb buffer is full (sz: 950272 bytes), total 32768 (slots), used 13 (slots)
[  164.139791] vc4-drm gpu: swiotlb buffer is full (sz: 2867200 bytes), total 32768 (slots), used 192 (slots)
[  164.190281] vc4-drm gpu: swiotlb buffer is full (sz: 8130560 bytes), total 32768 (slots), used 116 (slots)
[  165.446864] vc4-drm gpu: swiotlb buffer is full (sz: 5046272 bytes), total 32768 (slots), used 64 (slots)
[  165.454624] vc4-drm gpu: swiotlb buffer is full (sz: 1048576 bytes), total 32768 (slots), used 22 (slots)
[  328.748417] swiotlb_tbl_map_single: 4 callbacks suppressed
[  328.748433] vc4-drm gpu: swiotlb buffer is full (sz: 524288 bytes), total 32768 (slots), used 8528 (slots)
[  328.774052] vc4-drm gpu: swiotlb buffer is full (sz: 524288 bytes), total 32768 (slots), used 8528 (slots)
[  328.807563] vc4-drm gpu: swiotlb buffer is full (sz: 524288 bytes), total 32768 (slots), used 11012 (slots)
[  328.905761] vc4-drm gpu: swiotlb buffer is full (sz: 524288 bytes), total 32768 (slots), used 11012 (slots)
[  328.906869] vc4-drm gpu: swiotlb buffer is full (sz: 393216 bytes), total 32768 (slots), used 141 (slots)
[  329.018960] vc4-drm gpu: swiotlb buffer is full (sz: 393216 bytes), total 32768 (slots), used 126 (slots)
[  329.762676] vc4-drm gpu: swiotlb buffer is full (sz: 983040 bytes), total 32768 (slots), used 54 (slots)
[  329.769315] vc4-drm gpu: swiotlb buffer is full (sz: 983040 bytes), total 32768 (slots), used 54 (slots)
[  330.170573] vc4-drm gpu: swiotlb buffer is full (sz: 524288 bytes), total 32768 (slots), used 9636 (slots)
[  330.194977] vc4-drm gpu: swiotlb buffer is full (sz: 524288 bytes), total 32768 (slots), used 9636 (slots)
[  334.933532] swiotlb_tbl_map_single: 2 callbacks suppressed
[  334.933548] vc4-drm gpu: swiotlb buffer is full (sz: 524288 bytes), total 32768 (slots), used 6844 (slots)
[  334.949911] vc4-drm gpu: swiotlb buffer is full (sz: 524288 bytes), total 32768 (slots), used 6844 (slots)
[  407.823594] vc4-drm gpu: swiotlb buffer is full (sz: 1048576 bytes), total 32768 (slots), used 5400 (slots)
[  407.910879] vc4-drm gpu: swiotlb buffer is full (sz: 327680 bytes), total 32768 (slots), used 36 (slots)
[  407.933159] vc4-drm gpu: swiotlb buffer is full (sz: 1048576 bytes), total 32768 (slots), used 5400 (slots)
[  407.955736] vc4-drm gpu: swiotlb buffer is full (sz: 1048576 bytes), total 32768 (slots), used 324 (slots)
[  408.048882] vc4-drm gpu: swiotlb buffer is full (sz: 327680 bytes), total 32768 (slots), used 36 (slots)
[  408.189048] vc4-drm gpu: swiotlb buffer is full (sz: 1048576 bytes), total 32768 (slots), used 324 (slots)
[  408.824354] vc4-drm gpu: swiotlb buffer is full (sz: 524288 bytes), total 32768 (slots), used 544 (slots)
[  409.002327] vc4-drm gpu: swiotlb buffer is full (sz: 524288 bytes), total 32768 (slots), used 544 (slots)
[  851.542482] usb 1-1.2: new full-speed USB device number 4 using xhci_hcd
[  851.647724] usb 1-1.2: New USB device found, idVendor=0485, idProduct=5741, bcdDevice= 2.00
[  851.647748] usb 1-1.2: New USB device strings: Mfr=1, Product=2, SerialNumber=3
[  851.647761] usb 1-1.2: Product: Virtual PRN
[  851.647771] usb 1-1.2: Manufacturer: Manufacture
[  851.647781] usb 1-1.2: SerialNumber: 000000000001
[  851.773226] usblp 1-1.2:1.0: usblp0: USB Bidirectional printer dev 4 if 0 alt 0 proto 2 vid 0x0485 pid 0x5741
[  851.773329] usbcore: registered new interface driver usblp
[  872.059085] usb 1-1.2: USB disconnect, device number 4
[  872.059658] usblp0: removed
[  888.154768] usb 1-1.4: new full-speed USB device number 5 using xhci_hcd
[  888.259981] usb 1-1.4: New USB device found, idVendor=0485, idProduct=5741, bcdDevice= 2.00
[  888.260005] usb 1-1.4: New USB device strings: Mfr=1, Product=2, SerialNumber=3
[  888.260018] usb 1-1.4: Product: Virtual PRN
[  888.260028] usb 1-1.4: Manufacturer: Manufacture
[  888.260038] usb 1-1.4: SerialNumber: 000000000001
[  888.269918] usblp 1-1.4:1.0: usblp0: USB Bidirectional printer dev 5 if 0 alt 0 proto 2 vid 0x0485 pid 0x5741
[ 1791.026549] vc4-drm gpu: swiotlb buffer is full (sz: 524288 bytes), total 32768 (slots), used 70 (slots)
[ 1791.091809] vc4-drm gpu: swiotlb buffer is full (sz: 524288 bytes), total 32768 (slots), used 70 (slots)
[ 1791.192854] vc4-drm gpu: swiotlb buffer is full (sz: 720896 bytes), total 32768 (slots), used 72 (slots)
[ 1791.250852] vc4-drm gpu: swiotlb buffer is full (sz: 720896 bytes), total 32768 (slots), used 72 (slots)
[ 1791.281479] vc4-drm gpu: swiotlb buffer is full (sz: 4194304 bytes), total 32768 (slots), used 70 (slots)
[ 1791.300803] vc4-drm gpu: swiotlb buffer is full (sz: 290816 bytes), total 32768 (slots), used 218 (slots)
[ 1791.321821] vc4-drm gpu: swiotlb buffer is full (sz: 2764800 bytes), total 32768 (slots), used 0 (slots)
[ 1791.327831] vc4-drm gpu: swiotlb buffer is full (sz: 630784 bytes), total 32768 (slots), used 104 (slots)
[ 1791.393185] vc4-drm gpu: swiotlb buffer is full (sz: 4194304 bytes), total 32768 (slots), used 70 (slots)
[ 1791.398558] vc4-drm gpu: swiotlb buffer is full (sz: 290816 bytes), total 32768 (slots), used 218 (slots)
[ 1796.541912] swiotlb_tbl_map_single: 10 callbacks suppressed
[ 1796.541927] vc4-drm gpu: swiotlb buffer is full (sz: 1441792 bytes), total 32768 (slots), used 1102 (slots)
[ 1796.551718] vc4-drm gpu: swiotlb buffer is full (sz: 1441792 bytes), total 32768 (slots), used 1102 (slots)
[ 1796.985435] vc4-drm gpu: swiotlb buffer is full (sz: 524288 bytes), total 32768 (slots), used 918 (slots)
[ 1796.992860] vc4-drm gpu: swiotlb buffer is full (sz: 524288 bytes), total 32768 (slots), used 918 (slots)
[ 1797.489381] vc4-drm gpu: swiotlb buffer is full (sz: 1200128 bytes), total 32768 (slots), used 0 (slots)
[ 1797.500286] vc4-drm gpu: swiotlb buffer is full (sz: 1200128 bytes), total 32768 (slots), used 0 (slots)
